scenario tree : 3280 nodes, 1093 order decisions, 2187 scenarios
variables     : 57929
constraints   : 172694
warm start    : loaded DP incumbent (282.496948)

[3809] signal 15: Terminated
in expression starting at /home/user/blog/code/julia/perishable_inventory.jl:179
_ZNK11HighsDomain18computeMinActivityEiiPKiPKdRiR12HighsCDouble at /home/user/.local/juliadepot/artifacts/e1540b7b116ba1f77d0f11be614fcddf9060464e/lib/libhighs.so (unknown line)
_ZN11HighsDomain11ConflictSet18explainBoundChangeERKSt3setINS0_11LocalDomChgESt4lessIS2_ESaIS2_EES2_ at /home/user/.local/juliadepot/artifacts/e1540b7b116ba1f77d0f11be614fcddf9060464e/lib/libhighs.so (unknown line)
_ZN11HighsDomain11ConflictSet12resolveDepthERSt3setINS0_11LocalDomChgESt4lessIS2_ESaIS2_EEiiR15HighsPseudocostib at /home/user/.local/juliadepot/artifacts/e1540b7b116ba1f77d0f11be614fcddf9060464e/lib/libhighs.so (unknown line)
_ZN11HighsDomain11ConflictSet11computeCutsEiR17HighsConflictPoolR15HighsPseudocost at /home/user/.local/juliadepot/artifacts/e1540b7b116ba1f77d0f11be614fcddf9060464e/lib/libhighs.so (unknown line)
_ZN11HighsDomain11ConflictSet16conflictAnalysisER17HighsConflictPoolR15HighsPseudocost at /home/user/.local/juliadepot/artifacts/e1540b7b116ba1f77d0f11be614fcddf9060464e/lib/libhighs.so (unknown line)
_ZN11HighsDomain16conflictAnalysisER17HighsConflictPoolRS_R15HighsPseudocost at /home/user/.local/juliadepot/artifacts/e1540b7b116ba1f77d0f11be614fcddf9060464e/lib/libhighs.so (unknown line)
_ZN21HighsPrimalHeuristics15tryRoundedPointER14HighsMipWorkerRKSt6vectorIdSaIdEEi at /home/user/.local/juliadepot/artifacts/e1540b7b116ba1f77d0f11be614fcddf9060464e/lib/libhighs.so (unknown line)
_ZN21HighsPrimalHeuristics18linesearchRoundingER14HighsMipWorkerRKSt6vectorIdSaIdEES6_i at /home/user/.local/juliadepot/artifacts/e1540b7b116ba1f77d0f11be614fcddf9060464e/lib/libhighs.so (unknown line)
_ZN18HighsMipSolverData16evaluateRootNodeER14HighsMipWorker at /home/user/.local/juliadepot/artifacts/e1540b7b116ba1f77d0f11be614fcddf9060464e/lib/libhighs.so (unknown line)
_ZN14HighsMipSolver3runEv at /home/user/.local/juliadepot/artifacts/e1540b7b116ba1f77d0f11be614fcddf9060464e/lib/libhighs.so (unknown line)
_ZN5Highs12callSolveMipEv at /home/user/.local/juliadepot/artifacts/e1540b7b116ba1f77d0f11be614fcddf9060464e/lib/libhighs.so (unknown line)
_ZN5Highs19calledOptimizeModelEv at /home/user/.local/juliadepot/artifacts/e1540b7b116ba1f77d0f11be614fcddf9060464e/lib/libhighs.so (unknown line)
_ZN5Highs13optimizeModelEv at /home/user/.local/juliadepot/artifacts/e1540b7b116ba1f77d0f11be614fcddf9060464e/lib/libhighs.so (unknown line)
_ZN5Highs3runEv at /home/user/.local/juliadepot/artifacts/e1540b7b116ba1f77d0f11be614fcddf9060464e/lib/libhighs.so (unknown line)
Highs_run at /home/user/.local/juliadepot/packages/HiGHS/4ZEBB/src/gen/libhighs.jl:344 [inlined]
_gc_safe_Highs_run at /home/user/.local/juliadepot/packages/HiGHS/4ZEBB/src/MOI_wrapper.jl:2251
_Highs_run_workaround_issue_316 at /home/user/.local/juliadepot/packages/HiGHS/4ZEBB/src/MOI_wrapper.jl:2275 [inlined]
#42 at /home/user/.local/juliadepot/packages/HiGHS/4ZEBB/src/MOI_wrapper.jl:2318 [inlined]
disable_sigint at ./c.jl:167
optimize! at /home/user/.local/juliadepot/packages/HiGHS/4ZEBB/src/MOI_wrapper.jl:2318
optimize! at /home/user/.local/juliadepot/packages/MathOptInterface/13jDB/src/Bridges/bridge_optimizer.jl:367 [inlined]
optimize! at /home/user/.local/juliadepot/packages/MathOptInterface/13jDB/src/MathOptInterface.jl:122 [inlined]
optimize! at /home/user/.local/juliadepot/packages/MathOptInterface/13jDB/src/Utilities/cachingoptimizer.jl:370
jfptr_optimizeNOT._8015 at /home/user/.local/juliadepot/compiled/v1.11/HiGHS/WFic5_DZuSr.so (unknown line)
#optimize!#105 at /home/user/.local/juliadepot/packages/JuMP/Y8Mtc/src/optimizer_interface.jl:633
optimize! at /home/user/.local/juliadepot/packages/JuMP/Y8Mtc/src/optimizer_interface.jl:569
jfptr_optimizeNOT._14038 at /home/user/.local/juliadepot/compiled/v1.11/JuMP/DmXqY_DZuSr.so (unknown line)
top-level scope at ./timing.jl:421
jl_toplevel_eval_flex at /cache/build/tester-amdci5-12/julialang/julia-release-1-dot-11/src/toplevel.c:934
jl_toplevel_eval_flex at /cache/build/tester-amdci5-12/julialang/julia-release-1-dot-11/src/toplevel.c:886
ijl_toplevel_eval_in at /cache/build/tester-amdci5-12/julialang/julia-release-1-dot-11/src/toplevel.c:994
eval at ./boot.jl:430 [inlined]
include_string at ./loading.jl:2734
_include at ./loading.jl:2794
include at ./Base.jl:557
jfptr_include_46879.1 at /home/user/.local/toolchains/julia-1.11.5/lib/julia/sys.so (unknown line)
exec_options at ./client.jl:323
_start at ./client.jl:531
jfptr__start_73430.1 at /home/user/.local/toolchains/julia-1.11.5/lib/julia/sys.so (unknown line)
jl_apply at /cache/build/tester-amdci5-12/julialang/julia-release-1-dot-11/src/julia.h:2157 [inlined]
true_main at /cache/build/tester-amdci5-12/julialang/julia-release-1-dot-11/src/jlapi.c:900
jl_repl_entrypoint at /cache/build/tester-amdci5-12/julialang/julia-release-1-dot-11/src/jlapi.c:1059
main at julia (unknown line)
unknown function (ip: 0x7fb4aacbdca7)
__libc_start_main at /lib/x86_64-linux-gnu/libc.so.6 (unknown line)
unknown function (ip: 0x4010b8)
unknown function (ip: (nil))
Allocations: 7051590 (Pool: 7051351; Big: 239); GC: 8
